Linha 7: erro sintático próximo a {
Compilação interrompida.
