Linha 13: erro sintático próximo a Student
Compilação interrompida.
