Linha 16: erro sintático próximo a MYMETHOD
Compilação interrompida.
