Linha 10: erro sintático próximo a number
Compilação interrompida.
