Linha 14: erro sintático próximo a {
Compilação interrompida.
