Linha 11: erro sintático próximo a }
Compilação interrompida.
