Linha 17: identificador id não declarado anteriormente
Linha 25: identificador Class não declarado anteriormente
Compilação interrompida.