Linha 17: método POST não deveria conter um identificador
Linha 18: método PUT deveria conter um identificador
Linha 19: método DELETE deveria conter um identificador
Compilação interrompida.
