Linha 22: tipos declarados no modelo não são permitidos como identificador de rotas
Compilação interrompida.
