Linha 9: Student - aninhamento de classes do modelo não permitido
Linha 22: tipos declarados no modelo não são permitidos como identificador de rotas
Compilação interrompida.