Linha 10: cadeia literal nao fechada
Compilação interrompida.
