Linha 8: , - simbolo nao identificado
Compilação interrompida.
